ERROR: check failed when switched on address  instructions
ERROR: check failed when switched on address  instructions
ERROR: check failed when switched on address  instructions
ERROR: check failed when switched on address  instructions
ERROR: check failed when switched on address  instructions
ERROR: check failed when switched on address  instructions
ERROR: check failed when switched on address  instructions
SUCCESS:failed as expected!
