ERROR: check failed when switched on address  instructions
ERROR: check failed when switched on address  instructions
SUCCESS:check failed as it should have, ntrials=
