HASH:	PTE crc:: hash=0xa0b5eb0e,nbytes=4
HASH:	PTE crc:: hash=0xf653f334,nbytes=4
HASH:	PTE crc:: hash=0xa753bc13,nbytes=4
HASH:	PTE crc:: hash=0x5fe59de2,nbytes=4
HASH:	PTE crc:: hash=0x10011b4e,nbytes=4
HASH:	PTE crc:: hash=0x93505b9c,nbytes=4
HASH:	PTE crc:: hash=0x66816268,nbytes=4
HASH:	PTE crc:: hash=0x6fa1da7c,nbytes=4
TRACE:notmain:SUCCESS!
