SUCCESS:check succeeded as it should have, ntrials=, nerrors=0
